// Jest Snapshot v1, https://goo.gl/fbAQLP

exports[`<App /> snapshots 1`] = `
<div
  className="App"
>
  <header
    className="App-header"
  >
    <div
      className="makeStyles-appItem-1"
    >
      <CharacterSelect
        onChange={[Function]}
      />
    </div>
    <div
      className="makeStyles-appItem-1"
    >
      <MoviesList
        onLatestMovie={[Function]}
      />
    </div>
    <div
      className="makeStyles-appItem-1"
    >
      <WithStyles(ForwardRef(TextField))
        className="makeStyles-textBox-2"
        label="Name / Year last Movie:"
        value=""
      />
    </div>
  </header>
</div>
`;
